building LUTs...
LUT ready
rgb_lab_np verified, max_err=1.14e-13
ERR cartoons cartoons_001.jpg IndexError('index 430642 is out of bounds for axis 0 with size 430592')
ERR cartoons cartoons_002.jpg IndexError('index 430595 is out of bounds for axis 0 with size 430592')
ERR cartoons cartoons_003.jpg IndexError('index 430596 is out of bounds for axis 0 with size 430592')
ERR cartoons cartoons_004.jpg IndexError('index 430595 is out of bounds for axis 0 with size 430592')
ERR cartoons cartoons_005.jpg IndexError('index 430595 is out of bounds for axis 0 with size 430592')
ERR cartoons cartoons_006.jpg IndexError('index 430594 is out of bounds for axis 0 with size 430592')
ERR cartoons cartoons_007.jpg IndexError('index 430596 is out of bounds for axis 0 with size 430592')
ERR cartoons cartoons_008.jpg IndexError('index 430595 is out of bounds for axis 0 with size 430592')
ERR cartoons cartoons_009.jpg IndexError('index 430594 is out of bounds for axis 0 with size 430592')
ERR cartoons cartoons_010.jpg IndexError('index 430594 is out of bounds for axis 0 with size 430592')
ERR cartoons cartoons_011.jpg IndexError('index 430594 is out of bounds for axis 0 with size 430592')
ERR cartoons cartoons_012.jpg IndexError('index 430594 is out of bounds for axis 0 with size 430592')
ERR cartoons cartoons_013.jpg IndexError('index 430592 is out of bounds for axis 0 with size 430592')
ERR cartoons cartoons_014.jpg IndexError('index 430592 is out of bounds for axis 0 with size 430592')
ERR cartoons cartoons_015.jpg IndexError('index 430594 is out of bounds for axis 0 with size 430592')
ERR cartoons cartoons_016.jpg IndexError('index 430594 is out of bounds for axis 0 with size 430592')
ERR cartoons cartoons_017.jpg IndexError('index 430616 is out of bounds for axis 0 with size 430592')
ERR cartoons cartoons_018.jpg IndexError('index 430616 is out of bounds for axis 0 with size 430592')
ERR cartoons cartoons_019.jpg IndexError('index 430594 is out of bounds for axis 0 with size 430592')
ERR cartoons cartoons_020.jpg IndexError('index 430616 is out of bounds for axis 0 with size 430592')
ERR cartoons cartoons_021.jpg IndexError('index 430594 is out of bounds for axis 0 with size 430592')
ERR cartoons cartoons_022.jpg IndexError('index 430594 is out of bounds for axis 0 with size 430592')
ERR cartoons cartoons_023.jpg IndexError('index 430594 is out of bounds for axis 0 with size 430592')
ERR cartoons cartoons_024.jpg IndexError('index 430594 is out of bounds for axis 0 with size 430592')
ERR cartoons cartoons_025.jpg IndexError('index 430592 is out of bounds for axis 0 with size 430592')
ERR cartoons cartoons_026.jpg IndexError('index 430595 is out of bounds for axis 0 with size 430592')
ERR cartoons cartoons_027.jpg IndexError('index 430594 is out of bounds for axis 0 with size 430592')
ERR cartoons cartoons_028.jpg IndexError('index 430611 is out of bounds for axis 0 with size 430592')
ERR cartoons cartoons_029.jpg IndexError('index 430594 is out of bounds for axis 0 with size 430592')
ERR cartoons cartoons_030.jpg IndexError('index 430647 is out of bounds for axis 0 with size 430592')
ERR cartoons cartoons_031.jpg IndexError('index 430592 is out of bounds for axis 0 with size 430592')
ERR cartoons cartoons_032.jpg IndexError('index 430594 is out of bounds for axis 0 with size 430592')
ERR cartoons cartoons_033.jpg IndexError('index 430594 is out of bounds for axis 0 with size 430592')
ERR cartoons cartoons_034.jpg IndexError('index 430595 is out of bounds for axis 0 with size 430592')
ERR cartoons cartoons_035.jpg IndexError('index 430593 is out of bounds for axis 0 with size 430592')
ERR cartoons cartoons_036.jpg IndexError('index 430595 is out of bounds for axis 0 with size 430592')
ERR cartoons cartoons_037.jpg IndexError('index 430594 is out of bounds for axis 0 with size 430592')
ERR cartoons cartoons_038.jpg IndexError('index 430641 is out of bounds for axis 0 with size 430592')
ERR cartoons cartoons_039.jpg IndexError('index 430594 is out of bounds for axis 0 with size 430592')
ERR cartoons cartoons_040.jpg IndexError('index 430594 is out of bounds for axis 0 with size 430592')
ERR cartoons cartoons_041.jpg IndexError('index 430592 is out of bounds for axis 0 with size 430592')
ERR cartoons cartoons_042.jpg IndexError('index 430673 is out of bounds for axis 0 with size 430592')
ERR cartoons cartoons_043.jpg IndexError('index 430592 is out of bounds for axis 0 with size 430592')
ERR cartoons cartoons_044.jpg IndexError('index 430594 is out of bounds for axis 0 with size 430592')
ERR cartoons cartoons_045.jpg IndexError('index 430594 is out of bounds for axis 0 with size 430592')
ERR cartoons cartoons_046.jpg IndexError('index 430592 is out of bounds for axis 0 with size 430592')
ERR cartoons cartoons_047.jpg IndexError('index 430594 is out of bounds for axis 0 with size 430592')
ERR cartoons cartoons_048.jpg IndexError('index 430592 is out of bounds for axis 0 with size 430592')
ERR cartoons cartoons_049.jpg IndexError('index 430596 is out of bounds for axis 0 with size 430592')
DONE cartoons 0
ERR lineart lineart_001.jpg IndexError('index 430616 is out of bounds for axis 0 with size 430592')
ERR lineart lineart_002.jpg IndexError('index 430592 is out of bounds for axis 0 with size 430592')
ERR lineart lineart_003.jpg IndexError('index 430592 is out of bounds for axis 0 with size 430592')
ERR lineart lineart_004.jpg IndexError('index 430592 is out of bounds for axis 0 with size 430592')
ERR lineart lineart_006.jpg IndexError('index 430592 is out of bounds for axis 0 with size 430592')
ERR lineart lineart_007.jpg IndexError('index 430592 is out of bounds for axis 0 with size 430592')
ERR lineart lineart_008.jpg IndexError('index 430592 is out of bounds for axis 0 with size 430592')
ERR lineart lineart_009.jpg IndexError('index 430592 is out of bounds for axis 0 with size 430592')
ERR lineart lineart_010.jpg IndexError('index 430638 is out of bounds for axis 0 with size 430592')
ERR lineart lineart_011.jpg IndexError('index 430592 is out of bounds for axis 0 with size 430592')
ERR lineart lineart_012.jpg IndexError('index 430596 is out of bounds for axis 0 with size 430592')
ERR lineart lineart_013.jpg IndexError('index 430592 is out of bounds for axis 0 with size 430592')
ERR lineart lineart_014.jpg IndexError('index 430592 is out of bounds for axis 0 with size 430592')
ERR lineart lineart_018.jpg IndexError('index 430592 is out of bounds for axis 0 with size 430592')
ERR lineart lineart_019.jpg IndexError('index 430592 is out of bounds for axis 0 with size 430592')
ERR lineart lineart_020.jpg IndexError('index 430592 is out of bounds for axis 0 with size 430592')
ERR lineart lineart_021.jpg IndexError('index 430592 is out of bounds for axis 0 with size 430592')
ERR lineart lineart_023.jpg IndexError('index 430592 is out of bounds for axis 0 with size 430592')
ERR lineart lineart_024.jpg IndexError('index 430592 is out of bounds for axis 0 with size 430592')
ERR lineart lineart_025.jpg IndexError('index 430592 is out of bounds for axis 0 with size 430592')
ERR lineart lineart_029.jpg IndexError('index 430592 is out of bounds for axis 0 with size 430592')
ERR lineart lineart_031.jpg IndexError('index 430595 is out of bounds for axis 0 with size 430592')
ERR lineart lineart_032.jpg IndexError('index 430595 is out of bounds for axis 0 with size 430592')
ERR lineart lineart_034.jpg IndexError('index 430592 is out of bounds for axis 0 with size 430592')
ERR lineart lineart_035.jpg IndexError('index 430594 is out of bounds for axis 0 with size 430592')
ERR lineart lineart_037.jpg IndexError('index 430593 is out of bounds for axis 0 with size 430592')
ERR lineart lineart_038.jpg IndexError('index 430611 is out of bounds for axis 0 with size 430592')
ERR lineart lineart_040.jpg IndexError('index 430611 is out of bounds for axis 0 with size 430592')
ERR lineart lineart_043.jpg IndexError('index 430594 is out of bounds for axis 0 with size 430592')
ERR lineart lineart_044.jpg IndexError('index 430596 is out of bounds for axis 0 with size 430592')
ERR lineart lineart_045.jpg IndexError('index 430592 is out of bounds for axis 0 with size 430592')
ERR lineart lineart_046.jpg IndexError('index 430593 is out of bounds for axis 0 with size 430592')
ERR lineart lineart_047.jpg IndexError('index 430592 is out of bounds for axis 0 with size 430592')
ERR lineart lineart_048.jpg IndexError('index 430592 is out of bounds for axis 0 with size 430592')
ERR lineart lineart_049.jpg IndexError('index 430592 is out of bounds for axis 0 with size 430592')
ERR lineart lineart_x_101.jpg IndexError('index 430594 is out of bounds for axis 0 with size 430592')
ERR lineart lineart_x_102.jpg IndexError('index 430594 is out of bounds for axis 0 with size 430592')
ERR lineart lineart_x_103.jpg IndexError('index 430638 is out of bounds for axis 0 with size 430592')
ERR lineart lineart_x_104.jpg IndexError('index 430592 is out of bounds for axis 0 with size 430592')
ERR lineart lineart_x_105.jpg IndexError('index 430667 is out of bounds for axis 0 with size 430592')
ERR lineart lineart_x_106.jpg IndexError('index 430612 is out of bounds for axis 0 with size 430592')
ERR lineart lineart_x_107.jpg IndexError('index 430594 is out of bounds for axis 0 with size 430592')
ERR lineart lineart_x_108.jpg IndexError('index 430616 is out of bounds for axis 0 with size 430592')
ERR lineart lineart_x_109.jpg IndexError('index 430594 is out of bounds for axis 0 with size 430592')
ERR lineart lineart_x_110.jpg IndexError('index 430638 is out of bounds for axis 0 with size 430592')
ERR lineart lineart_x_111.jpg IndexError('index 430596 is out of bounds for axis 0 with size 430592')
ERR lineart lineart_x_112.jpg IndexError('index 430596 is out of bounds for axis 0 with size 430592')
ERR lineart lineart_x_113.jpg IndexError('index 430596 is out of bounds for axis 0 with size 430592')
ERR lineart lineart_x_114.jpg IndexError('index 430596 is out of bounds for axis 0 with size 430592')
ERR lineart lineart_x_115.jpg IndexError('index 430596 is out of bounds for axis 0 with size 430592')
DONE lineart 0
ERR pixelart pixelart_001.jpg IndexError('index 430592 is out of bounds for axis 0 with size 430592')
ERR pixelart pixelart_005.jpg IndexError('index 430634 is out of bounds for axis 0 with size 430592')
ERR pixelart pixelart_006.jpg IndexError('index 430597 is out of bounds for axis 0 with size 430592')
ERR pixelart pixelart_011.jpg IndexError('index 430628 is out of bounds for axis 0 with size 430592')
ERR pixelart pixelart_014.jpg IndexError('index 430592 is out of bounds for axis 0 with size 430592')
ERR pixelart pixelart_017.jpg IndexError('index 430602 is out of bounds for axis 0 with size 430592')
ERR pixelart pixelart_018.jpg IndexError('index 430592 is out of bounds for axis 0 with size 430592')
ERR pixelart pixelart_019.jpg IndexError('index 430596 is out of bounds for axis 0 with size 430592')
ERR pixelart pixelart_020.jpg IndexError('index 430595 is out of bounds for axis 0 with size 430592')
ERR pixelart pixelart_040.jpg IndexError('index 430592 is out of bounds for axis 0 with size 430592')
ERR pixelart pixelart_042.jpg IndexError('index 430641 is out of bounds for axis 0 with size 430592')
ERR pixelart pixelart_x_101.jpg IndexError('index 430611 is out of bounds for axis 0 with size 430592')
ERR pixelart pixelart_x_102.jpg IndexError('index 430592 is out of bounds for axis 0 with size 430592')
ERR pixelart pixelart_x_103.jpg IndexError('index 430596 is out of bounds for axis 0 with size 430592')
ERR pixelart pixelart_x_104.jpg IndexError('index 430595 is out of bounds for axis 0 with size 430592')
ERR pixelart pixelart_x_105.jpg IndexError('index 430596 is out of bounds for axis 0 with size 430592')
ERR pixelart pixelart_x_106.jpg IndexError('index 430593 is out of bounds for axis 0 with size 430592')
ERR pixelart pixelart_x_107.jpg IndexError('index 430594 is out of bounds for axis 0 with size 430592')
ERR pixelart pixelart_x_108.jpg IndexError('index 430593 is out of bounds for axis 0 with size 430592')
ERR pixelart pixelart_x_109.jpg IndexError('index 430596 is out of bounds for axis 0 with size 430592')
ERR pixelart pixelart_x_110.jpg IndexError('index 430596 is out of bounds for axis 0 with size 430592')
ERR pixelart pixelart_x_111.jpg IndexError('index 430594 is out of bounds for axis 0 with size 430592')
ERR pixelart pixelart_x_112.jpg IndexError('index 430595 is out of bounds for axis 0 with size 430592')
ERR pixelart pixelart_x_113.jpg IndexError('index 430594 is out of bounds for axis 0 with size 430592')
ERR pixelart pixelart_x_114.jpg IndexError('index 430594 is out of bounds for axis 0 with size 430592')
ERR pixelart pixelart_x_115.jpg IndexError('index 430592 is out of bounds for axis 0 with size 430592')
ERR pixelart pixelart_x_116.jpg IndexError('index 430610 is out of bounds for axis 0 with size 430592')
ERR pixelart pixelart_x_117.jpg IndexError('index 430592 is out of bounds for axis 0 with size 430592')
ERR pixelart pixelart_x_121.jpg IndexError('index 430605 is out of bounds for axis 0 with size 430592')
ERR pixelart pixelart_x_122.jpg IndexError('index 430596 is out of bounds for axis 0 with size 430592')
ERR pixelart pixelart_x_123.jpg IndexError('index 430592 is out of bounds for axis 0 with size 430592')
E:\crawl4ai\venv\Lib\site-packages\PIL\Image.py:1136: UserWarning: Palette images with Transparency expressed in bytes should be converted to RGBA images
  warnings.warn(
ERR pixelart pixelart_x_125.jpg IndexError('index 430596 is out of bounds for axis 0 with size 430592')
ERR pixelart pixelart_x_128.jpg IndexError('index 430641 is out of bounds for axis 0 with size 430592')
ERR pixelart pixelart_x_131.jpg IndexError('index 430666 is out of bounds for axis 0 with size 430592')
ERR pixelart pixelart_x_132.jpg IndexError('index 430593 is out of bounds for axis 0 with size 430592')
ERR pixelart pixelart_x_133.jpg IndexError('index 430595 is out of bounds for axis 0 with size 430592')
ERR pixelart pixelart_x_134.jpg IndexError('index 430596 is out of bounds for axis 0 with size 430592')
ERR pixelart pixelart_x_135.jpg IndexError('index 430611 is out of bounds for axis 0 with size 430592')
ERR pixelart pixelart_x_136.jpg IndexError('index 430614 is out of bounds for axis 0 with size 430592')
ERR pixelart pixelart_x_137.jpg IndexError('index 430604 is out of bounds for axis 0 with size 430592')
ERR pixelart pixelart_x_138.jpg IndexError('index 430596 is out of bounds for axis 0 with size 430592')
ERR pixelart pixelart_x_139.jpg IndexError('index 430629 is out of bounds for axis 0 with size 430592')
ERR pixelart pixelart_x_140.jpg IndexError('index 430595 is out of bounds for axis 0 with size 430592')
ERR pixelart pixelart_x_141.jpg IndexError('index 430595 is out of bounds for axis 0 with size 430592')
ERR pixelart pixelart_x_142.jpg IndexError('index 430592 is out of bounds for axis 0 with size 430592')
ERR pixelart pixelart_x_143.jpg IndexError('index 430594 is out of bounds for axis 0 with size 430592')
ERR pixelart pixelart_x_144.jpg IndexError('index 430598 is out of bounds for axis 0 with size 430592')
ERR pixelart pixelart_x_145.jpg IndexError('index 430595 is out of bounds for axis 0 with size 430592')
ERR pixelart pixelart_x_146.jpg IndexError('index 430616 is out of bounds for axis 0 with size 430592')
DONE pixelart 0
ERR landscape landscape_001.jpg IndexError('index 430594 is out of bounds for axis 0 with size 430592')
ERR landscape landscape_002.jpg IndexError('index 430607 is out of bounds for axis 0 with size 430592')
ERR landscape landscape_003.jpg IndexError('index 430671 is out of bounds for axis 0 with size 430592')
ERR landscape landscape_004.jpg IndexError('index 430607 is out of bounds for axis 0 with size 430592')
ERR landscape landscape_005.jpg IndexError('index 430607 is out of bounds for axis 0 with size 430592')
ERR landscape landscape_006.jpg IndexError('index 430607 is out of bounds for axis 0 with size 430592')
ERR landscape landscape_009.jpg IndexError('index 430592 is out of bounds for axis 0 with size 430592')
ERR landscape landscape_010.jpg IndexError('index 430595 is out of bounds for axis 0 with size 430592')
ERR landscape landscape_011.jpg IndexError('index 430596 is out of bounds for axis 0 with size 430592')
ERR landscape landscape_012.jpg IndexError('index 430598 is out of bounds for axis 0 with size 430592')
ERR landscape landscape_013.jpg IndexError('index 430592 is out of bounds for axis 0 with size 430592')
ERR landscape landscape_014.jpg IndexError('index 430608 is out of bounds for axis 0 with size 430592')
ERR landscape landscape_015.jpg IndexError('index 430592 is out of bounds for axis 0 with size 430592')
ERR landscape landscape_016.jpg IndexError('index 430595 is out of bounds for axis 0 with size 430592')
ERR landscape landscape_018.jpg IndexError('index 430607 is out of bounds for axis 0 with size 430592')
ERR landscape landscape_019.jpg IndexError('index 430616 is out of bounds for axis 0 with size 430592')
ERR landscape landscape_020.jpg IndexError('index 430594 is out of bounds for axis 0 with size 430592')
ERR landscape landscape_021.jpg IndexError('index 430615 is out of bounds for axis 0 with size 430592')
ERR landscape landscape_023.jpg IndexError('index 430592 is out of bounds for axis 0 with size 430592')
ERR landscape landscape_024.jpg IndexError('index 430592 is out of bounds for axis 0 with size 430592')
ERR landscape landscape_025.jpg IndexError('index 430595 is out of bounds for axis 0 with size 430592')
ERR landscape landscape_026.jpg IndexError('index 430594 is out of bounds for axis 0 with size 430592')
ERR landscape landscape_027.jpg IndexError('index 430595 is out of bounds for axis 0 with size 430592')
ERR landscape landscape_028.jpg IndexError('index 430594 is out of bounds for axis 0 with size 430592')
ERR landscape landscape_029.jpg IndexError('index 430594 is out of bounds for axis 0 with size 430592')
ERR landscape landscape_030.jpg IndexError('index 430596 is out of bounds for axis 0 with size 430592')
ERR landscape landscape_036.jpg IndexError('index 430616 is out of bounds for axis 0 with size 430592')
ERR landscape landscape_037.jpg IndexError('index 430596 is out of bounds for axis 0 with size 430592')
ERR landscape landscape_038.jpg IndexError('index 430592 is out of bounds for axis 0 with size 430592')
ERR landscape landscape_039.jpg IndexError('index 430594 is out of bounds for axis 0 with size 430592')
ERR landscape landscape_040.jpg IndexError('index 430596 is out of bounds for axis 0 with size 430592')
ERR landscape landscape_041.jpg IndexError('index 430592 is out of bounds for axis 0 with size 430592')
ERR landscape landscape_042.jpg IndexError('index 430594 is out of bounds for axis 0 with size 430592')
ERR landscape landscape_043.jpg IndexError('index 430594 is out of bounds for axis 0 with size 430592')
ERR landscape landscape_044.jpg IndexError('index 430675 is out of bounds for axis 0 with size 430592')
ERR landscape landscape_045.jpg IndexError('index 430625 is out of bounds for axis 0 with size 430592')
ERR landscape landscape_046.jpg IndexError('index 430615 is out of bounds for axis 0 with size 430592')
ERR landscape landscape_047.jpg IndexError('index 430595 is out of bounds for axis 0 with size 430592')
ERR landscape landscape_048.jpg IndexError('index 430594 is out of bounds for axis 0 with size 430592')
ERR landscape landscape_050.jpg IndexError('index 430594 is out of bounds for axis 0 with size 430592')
ERR landscape landscape_x_101.jpg IndexError('index 430594 is out of bounds for axis 0 with size 430592')
ERR landscape landscape_x_102.jpg IndexError('index 430594 is out of bounds for axis 0 with size 430592')
ERR landscape landscape_x_103.jpg IndexError('index 430612 is out of bounds for axis 0 with size 430592')
ERR landscape landscape_x_104.jpg IndexError('index 430617 is out of bounds for axis 0 with size 430592')
ERR landscape landscape_x_105.jpg IndexError('index 430612 is out of bounds for axis 0 with size 430592')
ERR landscape landscape_x_106.jpg IndexError('index 430594 is out of bounds for axis 0 with size 430592')
ERR landscape landscape_x_107.jpg IndexError('index 430596 is out of bounds for axis 0 with size 430592')
ERR landscape landscape_x_108.jpg IndexError('index 430595 is out of bounds for axis 0 with size 430592')
ERR landscape landscape_x_109.jpg IndexError('index 430615 is out of bounds for axis 0 with size 430592')
ERR landscape landscape_x_110.jpg IndexError('index 430594 is out of bounds for axis 0 with size 430592')
DONE landscape 0
ERR portrait portrait_001.jpg IndexError('index 430593 is out of bounds for axis 0 with size 430592')
ERR portrait portrait_002.jpg IndexError('index 430595 is out of bounds for axis 0 with size 430592')
ERR portrait portrait_003.jpg IndexError('index 430595 is out of bounds for axis 0 with size 430592')
ERR portrait portrait_004.jpg IndexError('index 430596 is out of bounds for axis 0 with size 430592')
ERR portrait portrait_005.jpg IndexError('index 430595 is out of bounds for axis 0 with size 430592')
ERR portrait portrait_006.jpg IndexError('index 430611 is out of bounds for axis 0 with size 430592')
ERR portrait portrait_007.jpg IndexError('index 430592 is out of bounds for axis 0 with size 430592')
ERR portrait portrait_008.jpg IndexError('index 430616 is out of bounds for axis 0 with size 430592')
ERR portrait portrait_009.jpg IndexError('index 430665 is out of bounds for axis 0 with size 430592')
ERR portrait portrait_010.jpg IndexError('index 430592 is out of bounds for axis 0 with size 430592')
ERR portrait portrait_011.jpg IndexError('index 430625 is out of bounds for axis 0 with size 430592')
ERR portrait portrait_012.jpg IndexError('index 430592 is out of bounds for axis 0 with size 430592')
ERR portrait portrait_013.jpg IndexError('index 430592 is out of bounds for axis 0 with size 430592')
ERR portrait portrait_014.jpg IndexError('index 430596 is out of bounds for axis 0 with size 430592')
ERR portrait portrait_015.jpg IndexError('index 430596 is out of bounds for axis 0 with size 430592')
ERR portrait portrait_017.jpg IndexError('index 430594 is out of bounds for axis 0 with size 430592')
ERR portrait portrait_022.jpg IndexError('index 430596 is out of bounds for axis 0 with size 430592')
ERR portrait portrait_025.jpg IndexError('index 430594 is out of bounds for axis 0 with size 430592')
ERR portrait portrait_030.jpg IndexError('index 430596 is out of bounds for axis 0 with size 430592')
ERR portrait portrait_031.jpg IndexError('index 430594 is out of bounds for axis 0 with size 430592')
ERR portrait portrait_032.jpg IndexError('index 430592 is out of bounds for axis 0 with size 430592')
ERR portrait portrait_033.jpg IndexError('index 430597 is out of bounds for axis 0 with size 430592')
ERR portrait portrait_034.jpg IndexError('index 430595 is out of bounds for axis 0 with size 430592')
ERR portrait portrait_036.jpg IndexError('index 430625 is out of bounds for axis 0 with size 430592')
ERR portrait portrait_037.jpg IndexError('index 430637 is out of bounds for axis 0 with size 430592')
ERR portrait portrait_039.jpg IndexError('index 430594 is out of bounds for axis 0 with size 430592')
ERR portrait portrait_040.jpg IndexError('index 430595 is out of bounds for axis 0 with size 430592')
ERR portrait portrait_041.jpg IndexError('index 430594 is out of bounds for axis 0 with size 430592')
ERR portrait portrait_042.jpg IndexError('index 430594 is out of bounds for axis 0 with size 430592')
ERR portrait portrait_043.jpg IndexError('index 430594 is out of bounds for axis 0 with size 430592')
ERR portrait portrait_044.jpg IndexError('index 430592 is out of bounds for axis 0 with size 430592')
ERR portrait portrait_046.jpg IndexError('index 430634 is out of bounds for axis 0 with size 430592')
ERR portrait portrait_048.jpg IndexError('index 430638 is out of bounds for axis 0 with size 430592')
ERR portrait portrait_049.jpg IndexError('index 430594 is out of bounds for axis 0 with size 430592')
ERR portrait portrait_050.jpg IndexError('index 430593 is out of bounds for axis 0 with size 430592')
ERR portrait portrait_x_101.jpg IndexError('index 430592 is out of bounds for axis 0 with size 430592')
ERR portrait portrait_x_102.jpg IndexError('index 430595 is out of bounds for axis 0 with size 430592')
ERR portrait portrait_x_103.jpg IndexError('index 430593 is out of bounds for axis 0 with size 430592')
ERR portrait portrait_x_105.jpg IndexError('index 430594 is out of bounds for axis 0 with size 430592')
ERR portrait portrait_x_106.jpg IndexError('index 430611 is out of bounds for axis 0 with size 430592')
ERR portrait portrait_x_108.jpg IndexError('index 430611 is out of bounds for axis 0 with size 430592')
ERR portrait portrait_x_109.jpg IndexError('index 430611 is out of bounds for axis 0 with size 430592')
ERR portrait portrait_x_111.jpg IndexError('index 430595 is out of bounds for axis 0 with size 430592')
ERR portrait portrait_x_112.jpg IndexError('index 430596 is out of bounds for axis 0 with size 430592')
ERR portrait portrait_x_113.jpg IndexError('index 430594 is out of bounds for axis 0 with size 430592')
ERR portrait portrait_x_114.jpg IndexError('index 430616 is out of bounds for axis 0 with size 430592')
ERR portrait portrait_x_115.jpg IndexError('index 430596 is out of bounds for axis 0 with size 430592')
ERR portrait portrait_x_116.jpg IndexError('index 430614 is out of bounds for axis 0 with size 430592')
ERR portrait portrait_x_117.jpg IndexError('index 430596 is out of bounds for axis 0 with size 430592')
ERR portrait portrait_x_118.jpg IndexError('index 430617 is out of bounds for axis 0 with size 430592')
DONE portrait 0
ERR food food_001.jpg IndexError('index 430595 is out of bounds for axis 0 with size 430592')
ERR food food_002.jpg IndexError('index 430596 is out of bounds for axis 0 with size 430592')
ERR food food_003.jpg IndexError('index 430595 is out of bounds for axis 0 with size 430592')
ERR food food_004.jpg IndexError('index 430595 is out of bounds for axis 0 with size 430592')
ERR food food_005.jpg IndexError('index 430592 is out of bounds for axis 0 with size 430592')
ERR food food_006.jpg IndexError('index 430594 is out of bounds for axis 0 with size 430592')
ERR food food_007.jpg IndexError('index 430595 is out of bounds for axis 0 with size 430592')
ERR food food_008.jpg IndexError('index 430594 is out of bounds for axis 0 with size 430592')
ERR food food_009.jpg IndexError('index 430592 is out of bounds for axis 0 with size 430592')
ERR food food_010.jpg IndexError('index 430592 is out of bounds for axis 0 with size 430592')
ERR food food_011.jpg IndexError('index 430592 is out of bounds for axis 0 with size 430592')
ERR food food_012.jpg IndexError('index 430595 is out of bounds for axis 0 with size 430592')
ERR food food_013.jpg IndexError('index 430595 is out of bounds for axis 0 with size 430592')
ERR food food_014.jpg IndexError('index 430602 is out of bounds for axis 0 with size 430592')
ERR food food_015.jpg IndexError('index 430594 is out of bounds for axis 0 with size 430592')
ERR food food_016.jpg IndexError('index 430602 is out of bounds for axis 0 with size 430592')
ERR food food_017.jpg IndexError('index 430614 is out of bounds for axis 0 with size 430592')
ERR food food_018.jpg IndexError('index 430594 is out of bounds for axis 0 with size 430592')
ERR food food_019.jpg IndexError('index 430593 is out of bounds for axis 0 with size 430592')
ERR food food_020.jpg IndexError('index 430594 is out of bounds for axis 0 with size 430592')
ERR food food_021.jpg IndexError('index 430594 is out of bounds for axis 0 with size 430592')
ERR food food_022.jpg IndexError('index 430592 is out of bounds for axis 0 with size 430592')
ERR food food_023.jpg IndexError('index 430603 is out of bounds for axis 0 with size 430592')
ERR food food_024.jpg IndexError('index 430594 is out of bounds for axis 0 with size 430592')
ERR food food_025.jpg IndexError('index 430612 is out of bounds for axis 0 with size 430592')
ERR food food_026.jpg IndexError('index 430596 is out of bounds for axis 0 with size 430592')
ERR food food_027.jpg IndexError('index 430595 is out of bounds for axis 0 with size 430592')
ERR food food_028.jpg IndexError('index 430594 is out of bounds for axis 0 with size 430592')
ERR food food_029.jpg IndexError('index 430593 is out of bounds for axis 0 with size 430592')
ERR food food_030.jpg IndexError('index 430616 is out of bounds for axis 0 with size 430592')
ERR food food_031.jpg IndexError('index 430592 is out of bounds for axis 0 with size 430592')
ERR food food_032.jpg IndexError('index 430596 is out of bounds for axis 0 with size 430592')
ERR food food_033.jpg IndexError('index 430594 is out of bounds for axis 0 with size 430592')
ERR food food_034.jpg IndexError('index 430612 is out of bounds for axis 0 with size 430592')
ERR food food_035.jpg IndexError('index 430614 is out of bounds for axis 0 with size 430592')
ERR food food_036.jpg IndexError('index 430594 is out of bounds for axis 0 with size 430592')
ERR food food_037.jpg IndexError('index 430601 is out of bounds for axis 0 with size 430592')
ERR food food_038.jpg IndexError('index 430593 is out of bounds for axis 0 with size 430592')
ERR food food_039.jpg IndexError('index 430592 is out of bounds for axis 0 with size 430592')
ERR food food_040.jpg IndexError('index 430596 is out of bounds for axis 0 with size 430592')
ERR food food_041.jpg IndexError('index 430592 is out of bounds for axis 0 with size 430592')
ERR food food_043.jpg IndexError('index 430596 is out of bounds for axis 0 with size 430592')
ERR food food_044.jpg IndexError('index 430592 is out of bounds for axis 0 with size 430592')
ERR food food_045.jpg IndexError('index 430592 is out of bounds for axis 0 with size 430592')
ERR food food_046.jpg IndexError('index 430592 is out of bounds for axis 0 with size 430592')
ERR food food_047.jpg IndexError('index 430616 is out of bounds for axis 0 with size 430592')
ERR food food_048.jpg IndexError('index 430592 is out of bounds for axis 0 with size 430592')
ERR food food_049.jpg IndexError('index 430611 is out of bounds for axis 0 with size 430592')
ERR food food_050.jpg IndexError('index 430611 is out of bounds for axis 0 with size 430592')
DONE food 0
ERR random rand_001.jpg IndexError('index 430608 is out of bounds for axis 0 with size 430592')
ERR random rand_002.jpg IndexError('index 430596 is out of bounds for axis 0 with size 430592')
ERR random rand_003.jpg IndexError('index 430634 is out of bounds for axis 0 with size 430592')
ERR random rand_004.jpg IndexError('index 430592 is out of bounds for axis 0 with size 430592')
ERR random rand_005.jpg IndexError('index 430595 is out of bounds for axis 0 with size 430592')
ERR random rand_006.jpg IndexError('index 430657 is out of bounds for axis 0 with size 430592')
ERR random rand_007.jpg IndexError('index 430593 is out of bounds for axis 0 with size 430592')
ERR random rand_008.jpg IndexError('index 430637 is out of bounds for axis 0 with size 430592')
ERR random rand_009.jpg IndexError('index 430592 is out of bounds for axis 0 with size 430592')
ERR random rand_010.jpg IndexError('index 430615 is out of bounds for axis 0 with size 430592')
ERR random rand_011.jpg IndexError('index 430592 is out of bounds for axis 0 with size 430592')
ERR random rand_012.jpg IndexError('index 430595 is out of bounds for axis 0 with size 430592')
ERR random rand_013.jpg IndexError('index 430657 is out of bounds for axis 0 with size 430592')
ERR random rand_014.jpg IndexError('index 430594 is out of bounds for axis 0 with size 430592')
ERR random rand_015.jpg IndexError('index 430617 is out of bounds for axis 0 with size 430592')
ERR random rand_016.jpg IndexError('index 430596 is out of bounds for axis 0 with size 430592')
ERR random rand_017.jpg IndexError('index 430595 is out of bounds for axis 0 with size 430592')
ERR random rand_018.jpg IndexError('index 430594 is out of bounds for axis 0 with size 430592')
ERR random rand_019.jpg IndexError('index 430616 is out of bounds for axis 0 with size 430592')
ERR random rand_020.jpg IndexError('index 430592 is out of bounds for axis 0 with size 430592')
ERR random rand_021.jpg IndexError('index 430608 is out of bounds for axis 0 with size 430592')
ERR random rand_022.jpg IndexError('index 430634 is out of bounds for axis 0 with size 430592')
ERR random rand_023.jpg IndexError('index 430595 is out of bounds for axis 0 with size 430592')
ERR random rand_024.jpg IndexError('index 430594 is out of bounds for axis 0 with size 430592')
ERR random rand_025.jpg IndexError('index 430593 is out of bounds for axis 0 with size 430592')
ERR random rand_026.jpg IndexError('index 430595 is out of bounds for axis 0 with size 430592')
ERR random rand_027.jpg IndexError('index 430636 is out of bounds for axis 0 with size 430592')
ERR random rand_028.jpg IndexError('index 430596 is out of bounds for axis 0 with size 430592')
ERR random rand_029.jpg IndexError('index 430643 is out of bounds for axis 0 with size 430592')
ERR random rand_030.jpg IndexError('index 430595 is out of bounds for axis 0 with size 430592')
ERR random rand_031.jpg IndexError('index 430638 is out of bounds for axis 0 with size 430592')
ERR random rand_032.jpg IndexError('index 430616 is out of bounds for axis 0 with size 430592')
ERR random rand_033.jpg IndexError('index 430592 is out of bounds for axis 0 with size 430592')
ERR random rand_034.jpg IndexError('index 430616 is out of bounds for axis 0 with size 430592')
ERR random rand_035.jpg IndexError('index 430616 is out of bounds for axis 0 with size 430592')
ERR random rand_036.jpg IndexError('index 430616 is out of bounds for axis 0 with size 430592')
ERR random rand_038.jpg IndexError('index 430592 is out of bounds for axis 0 with size 430592')
ERR random rand_039.jpg IndexError('index 430592 is out of bounds for axis 0 with size 430592')
ERR random rand_040.jpg IndexError('index 430592 is out of bounds for axis 0 with size 430592')
ERR random rand_041.jpg IndexError('index 430608 is out of bounds for axis 0 with size 430592')
ERR random rand_042.jpg IndexError('index 430592 is out of bounds for axis 0 with size 430592')
ERR random rand_043.jpg IndexError('index 430595 is out of bounds for axis 0 with size 430592')
ERR random rand_044.jpg IndexError('index 430594 is out of bounds for axis 0 with size 430592')
ERR random rand_047.jpg IndexError('index 430616 is out of bounds for axis 0 with size 430592')
ERR random rand_048.jpg IndexError('index 430595 is out of bounds for axis 0 with size 430592')
ERR random rand_049.jpg IndexError('index 430594 is out of bounds for axis 0 with size 430592')
ERR random rand_050.jpg IndexError('index 430616 is out of bounds for axis 0 with size 430592')
ERR random rand_051.jpg IndexError('index 430594 is out of bounds for axis 0 with size 430592')
ERR random rand_052.jpg IndexError('index 430595 is out of bounds for axis 0 with size 430592')
ERR random rand_053.jpg IndexError('index 430595 is out of bounds for axis 0 with size 430592')
DONE random 0
Traceback (most recent call last):
  File "F:\delete\PDAPP\拼豆算法调研\probes\auto_judge.py", line 440, in <module>
    main()
  File "F:\delete\PDAPP\拼豆算法调研\probes\auto_judge.py", line 352, in main
    w = csv.DictWriter(f, fieldnames=list(rows[0].keys()))
                                          ~~~~^^^
IndexError: list index out of range
