building LUTs...
LUT ready
rgb_lab_np verified, max_err=1.14e-13
DONE cartoons 49
DONE lineart 50
E:\crawl4ai\venv\Lib\site-packages\PIL\Image.py:1136: UserWarning: Palette images with Transparency expressed in bytes should be converted to RGBA images
  warnings.warn(
DONE pixelart 49
DONE landscape 50
DONE portrait 50
DONE food 49
DONE random 50

cat          n     ol_o/n    cout_o/n     f2_o/n   col_o/n de_o/n(ngDelta)  dark_r gate%  better/equal/worse
cartoons    49 31.1/ 0.0   0.3/ 39.7 11.7/11.4  5.01/ 9.61(+4.20)  1.14   12%  33/0/16 FAIL
lineart     50 84.5/ 0.0   0.1/187.8 10.1/10.3  4.60/13.93(+9.32)  2.52    0%  35/1/14 FAIL
pixelart    49 73.2/ 0.0   0.1/ 73.3 34.4/38.3  8.10/15.86(+5.18)  0.90   65%  10/1/38 FAIL
landscape   50 16.4/ 0.0   0.4/ 73.2 23.4/30.4  8.27/14.20(+3.53)  0.91   50%  33/17/0 PASS
portrait    50 28.6/ 0.0   1.5/ 99.4 24.1/33.1  7.87/14.25(+3.18)  0.91   66%  38/12/0 PASS
food        49 37.4/ 0.0   1.1/ 77.8 37.4/46.6  8.44/15.36(+4.07)  0.89   51%  48/1/0 PASS
random      50 14.3/ 0.0   0.6/137.4 21.5/29.6  8.28/14.83(+3.54)  0.95   54%  29/21/0 PASS

WORSE-PILE 68/347 (19.6%)  CI=FAIL:cartoons,lineart,pixelart
ALL-DONE rows=347
