==================================================================
压力① 平坦红色区 + JPEG 块状噪声(±4/±8/±14),白底
==================================================================
  噪声±4
    现状红区           区内用色8 花格214/1344 [#E3242B×1130,#FFFFFF×157,#FFB6C1×23,#FF7F6E×18]
    现状白区           区内用色1 花格0/60 [#FFFFFF×60]
    投票红区           区内用色2 花格194/1344 [#E3242B×1150,#FFFFFF×194]
    投票白区           区内用色1 花格0/60 [#FFFFFF×60]
    投票+清杂红区        区内用色2 花格194/1344 [#E3242B×1150,#FFFFFF×194]
    投票+清杂白区        区内用色1 花格0/60 [#FFFFFF×60]
    全图用色: 现状8 投票2 投票+清杂2
  噪声±8
    现状红区           区内用色9 花格215/1344 [#E3242B×1129,#FFFFFF×155,#FFB6C1×22,#FF7F6E×19]
    现状白区           区内用色1 花格0/60 [#FFFFFF×60]
    投票红区           区内用色2 花格194/1344 [#E3242B×1150,#FFFFFF×194]
    投票白区           区内用色1 花格0/60 [#FFFFFF×60]
    投票+清杂红区        区内用色2 花格194/1344 [#E3242B×1150,#FFFFFF×194]
    投票+清杂白区        区内用色1 花格0/60 [#FFFFFF×60]
    全图用色: 现状9 投票2 投票+清杂2
  噪声±14
    现状红区           区内用色11 花格215/1344 [#E3242B×1129,#FFFFFF×156,#FFB6C1×22,#FF7F6E×15]
    现状白区           区内用色1 花格0/60 [#FFFFFF×60]
    投票红区           区内用色3 花格201/1344 [#E3242B×1143,#FFFFFF×194,#EA4A28×7]
    投票白区           区内用色1 花格0/60 [#FFFFFF×60]
    投票+清杂红区        区内用色2 花格194/1344 [#E3242B×1150,#FFFFFF×194]
    投票+清杂白区        区内用色1 花格0/60 [#FFFFFF×60]
    全图用色: 现状11 投票3 投票+清杂3

==================================================================
压力② 渐变白底(255→215 平滑明度渐变,无任何图案) —— 看白底会不会花
==================================================================
    现状白底用色2 [#FFFFFF×1682 #D9D9D9×1682]
    投票白底用色2 [#FFFFFF×1682 #D9D9D9×1682]

==================================================================
压力③ 源色卡在两颗豆正中间(大红E3242B ↔ 珊瑚红FF7F6E 的 Lab中点)
==================================================================
    两豆: 大红#E3242B ↔ 珊瑚红#FF7F6E, 取RGB中点 #7C1C20 (Lab距两豆各≈42.7)
    现状红区           区内用色9 花格227/1344 [#7B1113×1117,#FFFFFF×155,#D3ACAF×19,#A04A3A×16]
    投票红区           区内用色2 花格194/1344 [#7B1113×1150,#FFFFFF×194]
    (两算法在此极端都会在两豆间摇摆——见下方'清杂'是否救平)
    投票+清杂红区        区内用色2 花格194/1344 [#7B1113×1150,#FFFFFF×194]
    现状全图用色9, 投票全图用色2
